src/components/TransactionForm.tsx(330,9): error TS2367: This comparison appears to be unintentional because the types 'number' and 'string' have no overlap.
